src/worker/action-plans-routes.ts(10,22): error TS2769: No overload matches this call.
  Overload 1 of 2, '(key: never): unknown', gave the following error.
    Argument of type '"user"' is not assignable to parameter of type 'never'.
  Overload 2 of 2, '(key: never): never', gave the following error.
    Argument of type '"user"' is not assignable to parameter of type 'never'.
src/worker/action-plans-routes.ts(18,92): error TS2339: Property 'id' does not exist on type '{}'.
src/worker/action-plans-routes.ts(61,24): error TS2339: Property 'id' does not exist on type '{}'.
src/worker/action-plans-routes.ts(86,22): error TS2769: No overload matches this call.
  Overload 1 of 2, '(key: never): unknown', gave the following error.
    Argument of type '"user"' is not assignable to parameter of type 'never'.
  Overload 2 of 2, '(key: never): never', gave the following error.
    Argument of type '"user"' is not assignable to parameter of type 'never'.
src/worker/action-plans-routes.ts(107,92): error TS2339: Property 'id' does not exist on type '{}'.
src/worker/action-plans-routes.ts(111,38): error TS2339: Property 'id' does not exist on type '{}'.
src/worker/action-plans-routes.ts(147,22): error TS2769: No overload matches this call.
  Overload 1 of 2, '(key: never): unknown', gave the following error.
    Argument of type '"user"' is not assignable to parameter of type 'never'.
  Overload 2 of 2, '(key: never): never', gave the following error.
    Argument of type '"user"' is not assignable to parameter of type 'never'.
src/worker/action-plans-routes.ts(175,92): error TS2339: Property 'id' does not exist on type '{}'.
src/worker/action-plans-routes.ts(179,38): error TS2339: Property 'id' does not exist on type '{}'.
src/worker/action-plans-routes.ts(213,22): error TS2769: No overload matches this call.
  Overload 1 of 2, '(key: never): unknown', gave the following error.
    Argument of type '"user"' is not assignable to parameter of type 'never'.
  Overload 2 of 2, '(key: never): never', gave the following error.
    Argument of type '"user"' is not assignable to parameter of type 'never'.
src/worker/action-plans-routes.ts(221,92): error TS2339: Property 'id' does not exist on type '{}'.
src/worker/action-plans-routes.ts(259,24): error TS2339: Property 'id' does not exist on type '{}'.
src/worker/admin-debug-routes.ts(10,22): error TS2769: No overload matches this call.
  Overload 1 of 2, '(key: never): unknown', gave the following error.
    Argument of type '"user"' is not assignable to parameter of type 'never'.
  Overload 2 of 2, '(key: never): never', gave the following error.
    Argument of type '"user"' is not assignable to parameter of type 'never'.
src/worker/admin-debug-routes.ts(18,92): error TS2339: Property 'id' does not exist on type '{}'.
src/worker/admin-debug-routes.ts(24,51): error TS2339: Property 'email' does not exist on type '{}'.
src/worker/admin-debug-routes.ts(47,24): error TS2339: Property 'email' does not exist on type '{}'.
src/worker/admin-debug-routes.ts(81,22): error TS2769: No overload matches this call.
  Overload 1 of 2, '(key: never): unknown', gave the following error.
    Argument of type '"user"' is not assignable to parameter of type 'never'.
  Overload 2 of 2, '(key: never): never', gave the following error.
    Argument of type '"user"' is not assignable to parameter of type 'never'.
src/worker/admin-debug-routes.ts(88,92): error TS2339: Property 'id' does not exist on type '{}'.
src/worker/admin-debug-routes.ts(94,53): error TS2339: Property 'email' does not exist on type '{}'.
src/worker/admin-debug-routes.ts(99,16): error TS2339: Property 'email' does not exist on type '{}'.
src/worker/admin-debug-routes.ts(104,53): error TS2339: Property 'id' does not exist on type '{}'.
src/worker/admin-debug-routes.ts(106,52): error TS2339: Property 'email' does not exist on type '{}'.
src/worker/admin-debug-routes.ts(120,26): error TS2339: Property 'email' does not exist on type '{}'.
src/worker/admin-debug-routes.ts(146,22): error TS2769: No overload matches this call.
  Overload 1 of 2, '(key: never): unknown', gave the following error.
    Argument of type '"user"' is not assignable to parameter of type 'never'.
  Overload 2 of 2, '(key: never): never', gave the following error.
    Argument of type '"user"' is not assignable to parameter of type 'never'.
src/worker/admin-debug-routes.ts(154,92): error TS2339: Property 'id' does not exist on type '{}'.
src/worker/admin-debug-routes.ts(166,51): error TS2339: Property 'email' does not exist on type '{}'.
src/worker/admin-debug-routes.ts(177,97): error TS2339: Property 'id' does not exist on type '{}'.
src/worker/admin-debug-routes.ts(178,122): error TS2339: Property 'id' does not exist on type '{}'.
src/worker/admin-debug-routes.ts(179,67): error TS2339: Property 'id' does not exist on type '{}'.
src/worker/admin-debug-routes.ts(234,34): error TS2339: Property 'id' does not exist on type '{}'.
src/worker/admin-debug-routes.ts(413,25): error TS2339: Property 'email' does not exist on type '{}'.
src/worker/auth-routes.ts(31,36): error TS18046: 'env' is of type 'unknown'.
src/worker/auth-routes.ts(43,15): error TS18046: 'env' is of type 'unknown'.
src/worker/auth-routes.ts(49,15): error TS18046: 'env' is of type 'unknown'.
src/worker/auth-routes.ts(56,37): error TS18046: 'env' is of type 'unknown'.
src/worker/auth-routes.ts(64,19): error TS18046: 'env' is of type 'unknown'.
src/worker/auth-routes.ts(97,28): error TS18046: 'env' is of type 'unknown'.
src/worker/auth-routes.ts(104,35): error TS18046: 'env' is of type 'unknown'.
src/worker/auth-routes.ts(119,15): error TS18046: 'env' is of type 'unknown'.
src/worker/auto-organize-folders.ts(62,24): error TS2769: No overload matches this call.
  Overload 1 of 2, '(key: never): unknown', gave the following error.
    Argument of type '"user"' is not assignable to parameter of type 'never'.
  Overload 2 of 2, '(key: never): never', gave the following error.
    Argument of type '"user"' is not assignable to parameter of type 'never'.
src/worker/auto-organize-folders.ts(71,94): error TS2339: Property 'id' does not exist on type '{}'.
src/worker/auto-organize-folders.ts(73,64): error TS2339: Property 'id' does not exist on type '{}'.
src/worker/auto-organize-folders.ts(73,80): error TS2339: Property 'email' does not exist on type '{}'.
src/worker/auto-organize-folders.ts(169,24): error TS2769: No overload matches this call.
  Overload 1 of 2, '(key: never): unknown', gave the following error.
    Argument of type '"user"' is not assignable to parameter of type 'never'.
  Overload 2 of 2, '(key: never): never', gave the following error.
    Argument of type '"user"' is not assignable to parameter of type 'never'.
src/worker/auto-organize-folders.ts(177,94): error TS2339: Property 'id' does not exist on type '{}'.
src/worker/auto-organize-folders.ts(179,64): error TS2339: Property 'id' does not exist on type '{}'.
src/worker/auto-organize-folders.ts(179,80): error TS2339: Property 'email' does not exist on type '{}'.
src/worker/autosuggest-routes.ts(12,24): error TS2769: No overload matches this call.
  Overload 1 of 2, '(key: never): unknown', gave the following error.
    Argument of type '"user"' is not assignable to parameter of type 'never'.
  Overload 2 of 2, '(key: never): never', gave the following error.
    Argument of type '"user"' is not assignable to parameter of type 'never'.
src/worker/autosuggest-routes.ts(18,92): error TS2339: Property 'id' does not exist on type '{}'.
src/worker/autosuggest-routes.ts(80,24): error TS2769: No overload matches this call.
  Overload 1 of 2, '(key: never): unknown', gave the following error.
    Argument of type '"user"' is not assignable to parameter of type 'never'.
  Overload 2 of 2, '(key: never): never', gave the following error.
    Argument of type '"user"' is not assignable to parameter of type 'never'.
src/worker/autosuggest-routes.ts(166,24): error TS2769: No overload matches this call.
  Overload 1 of 2, '(key: never): unknown', gave the following error.
    Argument of type '"user"' is not assignable to parameter of type 'never'.
  Overload 2 of 2, '(key: never): never', gave the following error.
    Argument of type '"user"' is not assignable to parameter of type 'never'.
src/worker/autosuggest-routes.ts(252,24): error TS2769: No overload matches this call.
  Overload 1 of 2, '(key: never): unknown', gave the following error.
    Argument of type '"user"' is not assignable to parameter of type 'never'.
  Overload 2 of 2, '(key: never): never', gave the following error.
    Argument of type '"user"' is not assignable to parameter of type 'never'.
src/worker/autosuggest-routes.ts(286,24): error TS2769: No overload matches this call.
  Overload 1 of 2, '(key: never): unknown', gave the following error.
    Argument of type '"user"' is not assignable to parameter of type 'never'.
  Overload 2 of 2, '(key: never): never', gave the following error.
    Argument of type '"user"' is not assignable to parameter of type 'never'.
src/worker/autosuggest-routes.ts(355,24): error TS2769: No overload matches this call.
  Overload 1 of 2, '(key: never): unknown', gave the following error.
    Argument of type '"user"' is not assignable to parameter of type 'never'.
  Overload 2 of 2, '(key: never): never', gave the following error.
    Argument of type '"user"' is not assignable to parameter of type 'never'.
src/worker/checklist-folders-routes.ts(50,22): error TS2769: No overload matches this call.
  Overload 1 of 2, '(key: never): unknown', gave the following error.
    Argument of type '"user"' is not assignable to parameter of type 'never'.
  Overload 2 of 2, '(key: never): never', gave the following error.
    Argument of type '"user"' is not assignable to parameter of type 'never'.
src/worker/checklist-folders-routes.ts(58,90): error TS2339: Property 'id' does not exist on type '{}'.
src/worker/checklist-folders-routes.ts(60,58): error TS2339: Property 'id' does not exist on type '{}'.
src/worker/checklist-folders-routes.ts(60,74): error TS2339: Property 'email' does not exist on type '{}'.
src/worker/checklist-folders-routes.ts(195,22): error TS2769: No overload matches this call.
  Overload 1 of 2, '(key: never): unknown', gave the following error.
    Argument of type '"user"' is not assignable to parameter of type 'never'.
  Overload 2 of 2, '(key: never): never', gave the following error.
    Argument of type '"user"' is not assignable to parameter of type 'never'.
src/worker/checklist-folders-routes.ts(203,90): error TS2339: Property 'id' does not exist on type '{}'.
src/worker/checklist-folders-routes.ts(205,58): error TS2339: Property 'id' does not exist on type '{}'.
src/worker/checklist-folders-routes.ts(205,74): error TS2339: Property 'email' does not exist on type '{}'.
src/worker/checklist-folders-routes.ts(251,22): error TS2769: No overload matches this call.
  Overload 1 of 2, '(key: never): unknown', gave the following error.
    Argument of type '"user"' is not assignable to parameter of type 'never'.
  Overload 2 of 2, '(key: never): never', gave the following error.
    Argument of type '"user"' is not assignable to parameter of type 'never'.
src/worker/checklist-folders-routes.ts(259,90): error TS2339: Property 'id' does not exist on type '{}'.
src/worker/checklist-folders-routes.ts(261,58): error TS2339: Property 'id' does not exist on type '{}'.
src/worker/checklist-folders-routes.ts(261,74): error TS2339: Property 'email' does not exist on type '{}'.
src/worker/checklist-folders-routes.ts(303,22): error TS2769: No overload matches this call.
  Overload 1 of 2, '(key: never): unknown', gave the following error.
    Argument of type '"user"' is not assignable to parameter of type 'never'.
  Overload 2 of 2, '(key: never): never', gave the following error.
    Argument of type '"user"' is not assignable to parameter of type 'never'.
src/worker/checklist-folders-routes.ts(312,90): error TS2339: Property 'id' does not exist on type '{}'.
src/worker/checklist-folders-routes.ts(314,58): error TS2339: Property 'id' does not exist on type '{}'.
src/worker/checklist-folders-routes.ts(314,74): error TS2339: Property 'email' does not exist on type '{}'.
src/worker/checklist-folders-routes.ts(345,22): error TS2769: No overload matches this call.
  Overload 1 of 2, '(key: never): unknown', gave the following error.
    Argument of type '"user"' is not assignable to parameter of type 'never'.
  Overload 2 of 2, '(key: never): never', gave the following error.
    Argument of type '"user"' is not assignable to parameter of type 'never'.
src/worker/checklist-folders-routes.ts(360,90): error TS2339: Property 'id' does not exist on type '{}'.
src/worker/checklist-folders-routes.ts(362,58): error TS2339: Property 'id' does not exist on type '{}'.
src/worker/checklist-folders-routes.ts(362,74): error TS2339: Property 'email' does not exist on type '{}'.
src/worker/checklist-folders-routes.ts(429,22): error TS2769: No overload matches this call.
  Overload 1 of 2, '(key: never): unknown', gave the following error.
    Argument of type '"user"' is not assignable to parameter of type 'never'.
  Overload 2 of 2, '(key: never): never', gave the following error.
    Argument of type '"user"' is not assignable to parameter of type 'never'.
src/worker/checklist-folders-routes.ts(440,90): error TS2339: Property 'id' does not exist on type '{}'.
src/worker/checklist-folders-routes.ts(442,58): error TS2339: Property 'id' does not exist on type '{}'.
src/worker/checklist-folders-routes.ts(442,74): error TS2339: Property 'email' does not exist on type '{}'.
src/worker/checklist-folders-routes.ts(537,22): error TS2769: No overload matches this call.
  Overload 1 of 2, '(key: never): unknown', gave the following error.
    Argument of type '"user"' is not assignable to parameter of type 'never'.
  Overload 2 of 2, '(key: never): never', gave the following error.
    Argument of type '"user"' is not assignable to parameter of type 'never'.
src/worker/checklist-folders-routes.ts(546,90): error TS2339: Property 'id' does not exist on type '{}'.
src/worker/checklist-folders-routes.ts(548,58): error TS2339: Property 'id' does not exist on type '{}'.
src/worker/checklist-folders-routes.ts(548,74): error TS2339: Property 'email' does not exist on type '{}'.
src/worker/checklist-folders-routes.ts(631,22): error TS2769: No overload matches this call.
  Overload 1 of 2, '(key: never): unknown', gave the following error.
    Argument of type '"user"' is not assignable to parameter of type 'never'.
  Overload 2 of 2, '(key: never): never', gave the following error.
    Argument of type '"user"' is not assignable to parameter of type 'never'.
src/worker/checklist-folders-routes.ts(643,90): error TS2339: Property 'id' does not exist on type '{}'.
src/worker/checklist-folders-routes.ts(645,58): error TS2339: Property 'id' does not exist on type '{}'.
src/worker/checklist-folders-routes.ts(645,74): error TS2339: Property 'email' does not exist on type '{}'.
src/worker/checklist-routes.ts(10,22): error TS2769: No overload matches this call.
  Overload 1 of 2, '(key: never): unknown', gave the following error.
    Argument of type '"user"' is not assignable to parameter of type 'never'.
  Overload 2 of 2, '(key: never): never', gave the following error.
    Argument of type '"user"' is not assignable to parameter of type 'never'.
src/worker/checklist-routes.ts(22,90): error TS2339: Property 'id' does not exist on type '{}'.
src/worker/checklist-routes.ts(24,58): error TS2339: Property 'id' does not exist on type '{}'.
src/worker/checklist-routes.ts(24,74): error TS2339: Property 'email' does not exist on type '{}'.
src/worker/checklist-routes.ts(27,52): error TS2339: Property 'email' does not exist on type '{}'.
src/worker/checklist-routes.ts(43,93): error TS2339: Property 'email' does not exist on type '{}'.
src/worker/checklist-routes.ts(47,24): error TS2339: Property 'id' does not exist on type '{}'.
src/worker/checklist-routes.ts(81,89): error TS2339: Property 'email' does not exist on type '{}'.
src/worker/checklist-routes.ts(97,22): error TS2339: Property 'id' does not exist on type '{}'.
src/worker/checklist-routes.ts(98,25): error TS2339: Property 'email' does not exist on type '{}'.
src/worker/checklist-routes.ts(114,22): error TS2769: No overload matches this call.
  Overload 1 of 2, '(key: never): unknown', gave the following error.
    Argument of type '"user"' is not assignable to parameter of type 'never'.
  Overload 2 of 2, '(key: never): never', gave the following error.
    Argument of type '"user"' is not assignable to parameter of type 'never'.
src/worker/checklist-routes.ts(130,90): error TS2339: Property 'id' does not exist on type '{}'.
src/worker/checklist-routes.ts(132,58): error TS2339: Property 'id' does not exist on type '{}'.
src/worker/checklist-routes.ts(132,74): error TS2339: Property 'email' does not exist on type '{}'.
src/worker/checklist-routes.ts(136,44): error TS2339: Property 'id' does not exist on type '{}'.
src/worker/checklist-routes.ts(163,22): error TS2769: No overload matches this call.
  Overload 1 of 2, '(key: never): unknown', gave the following error.
    Argument of type '"user"' is not assignable to parameter of type 'never'.
  Overload 2 of 2, '(key: never): never', gave the following error.
    Argument of type '"user"' is not assignable to parameter of type 'never'.
src/worker/checklist-routes.ts(173,90): error TS2339: Property 'id' does not exist on type '{}'.
src/worker/checklist-routes.ts(175,58): error TS2339: Property 'id' does not exist on type '{}'.
src/worker/checklist-routes.ts(175,74): error TS2339: Property 'email' does not exist on type '{}'.
src/worker/checklist-routes.ts(188,12): error TS2339: Property 'google_user_data' does not exist on type '{}'.
src/worker/checklist-routes.ts(188,43): error TS2339: Property 'email' does not exist on type '{}'.
src/worker/checklist-routes.ts(189,12): error TS2339: Property 'id' does not exist on type '{}'.
src/worker/checklist-routes.ts(209,22): error TS2769: No overload matches this call.
  Overload 1 of 2, '(key: never): unknown', gave the following error.
    Argument of type '"user"' is not assignable to parameter of type 'never'.
  Overload 2 of 2, '(key: never): never', gave the following error.
    Argument of type '"user"' is not assignable to parameter of type 'never'.
src/worker/checklist-routes.ts(230,90): error TS2339: Property 'id' does not exist on type '{}'.
src/worker/checklist-routes.ts(232,58): error TS2339: Property 'id' does not exist on type '{}'.
src/worker/checklist-routes.ts(232,74): error TS2339: Property 'email' does not exist on type '{}'.
src/worker/checklist-routes.ts(241,48): error TS2339: Property 'id' does not exist on type '{}'.
src/worker/checklist-routes.ts(273,22): error TS2769: No overload matches this call.
  Overload 1 of 2, '(key: never): unknown', gave the following error.
    Argument of type '"user"' is not assignable to parameter of type 'never'.
  Overload 2 of 2, '(key: never): never', gave the following error.
    Argument of type '"user"' is not assignable to parameter of type 'never'.
src/worker/checklist-routes.ts(291,90): error TS2339: Property 'id' does not exist on type '{}'.
src/worker/checklist-routes.ts(293,58): error TS2339: Property 'id' does not exist on type '{}'.
src/worker/checklist-routes.ts(293,74): error TS2339: Property 'email' does not exist on type '{}'.
src/worker/checklist-routes.ts(302,48): error TS2339: Property 'id' does not exist on type '{}'.
src/worker/checklist-routes.ts(323,22): error TS2769: No overload matches this call.
  Overload 1 of 2, '(key: never): unknown', gave the following error.
    Argument of type '"user"' is not assignable to parameter of type 'never'.
  Overload 2 of 2, '(key: never): never', gave the following error.
    Argument of type '"user"' is not assignable to parameter of type 'never'.
src/worker/checklist-routes.ts(338,90): error TS2339: Property 'id' does not exist on type '{}'.
src/worker/checklist-routes.ts(340,58): error TS2339: Property 'id' does not exist on type '{}'.
src/worker/checklist-routes.ts(340,74): error TS2339: Property 'email' does not exist on type '{}'.
src/worker/checklist-routes.ts(349,48): error TS2339: Property 'id' does not exist on type '{}'.
src/worker/checklist-routes.ts(370,22): error TS2769: No overload matches this call.
  Overload 1 of 2, '(key: never): unknown', gave the following error.
    Argument of type '"user"' is not assignable to parameter of type 'never'.
  Overload 2 of 2, '(key: never): never', gave the following error.
    Argument of type '"user"' is not assignable to parameter of type 'never'.
src/worker/checklist-routes.ts(385,90): error TS2339: Property 'id' does not exist on type '{}'.
src/worker/checklist-routes.ts(387,58): error TS2339: Property 'id' does not exist on type '{}'.
src/worker/checklist-routes.ts(387,74): error TS2339: Property 'email' does not exist on type '{}'.
src/worker/checklist-routes.ts(402,12): error TS2339: Property 'google_user_data' does not exist on type '{}'.
src/worker/checklist-routes.ts(402,43): error TS2339: Property 'email' does not exist on type '{}'.
src/worker/checklist-routes.ts(403,12): error TS2339: Property 'id' does not exist on type '{}'.
src/worker/checklist-routes.ts(443,22): error TS2769: No overload matches this call.
  Overload 1 of 2, '(key: never): unknown', gave the following error.
    Argument of type '"user"' is not assignable to parameter of type 'never'.
  Overload 2 of 2, '(key: never): never', gave the following error.
    Argument of type '"user"' is not assignable to parameter of type 'never'.
src/worker/checklist-routes.ts(779,22): error TS2769: No overload matches this call.
  Overload 1 of 2, '(key: never): unknown', gave the following error.
    Argument of type '"user"' is not assignable to parameter of type 'never'.
  Overload 2 of 2, '(key: never): never', gave the following error.
    Argument of type '"user"' is not assignable to parameter of type 'never'.
src/worker/checklist-routes.ts(789,90): error TS2339: Property 'id' does not exist on type '{}'.
src/worker/checklist-routes.ts(791,58): error TS2339: Property 'id' does not exist on type '{}'.
src/worker/checklist-routes.ts(791,74): error TS2339: Property 'email' does not exist on type '{}'.
src/worker/checklist-routes.ts(804,12): error TS2339: Property 'google_user_data' does not exist on type '{}'.
src/worker/checklist-routes.ts(804,43): error TS2339: Property 'email' does not exist on type '{}'.
src/worker/checklist-routes.ts(805,12): error TS2339: Property 'id' does not exist on type '{}'.
src/worker/checklist-routes.ts(885,22): error TS2769: No overload matches this call.
  Overload 1 of 2, '(key: never): unknown', gave the following error.
    Argument of type '"user"' is not assignable to parameter of type 'never'.
  Overload 2 of 2, '(key: never): never', gave the following error.
    Argument of type '"user"' is not assignable to parameter of type 'never'.
src/worker/checklist-routes.ts(894,90): error TS2339: Property 'id' does not exist on type '{}'.
src/worker/checklist-routes.ts(896,58): error TS2339: Property 'id' does not exist on type '{}'.
src/worker/checklist-routes.ts(896,74): error TS2339: Property 'email' does not exist on type '{}'.
src/worker/checklist-routes.ts(909,48): error TS2339: Property 'id' does not exist on type '{}'.
src/worker/checklist-routes.ts(927,22): error TS2769: No overload matches this call.
  Overload 1 of 2, '(key: never): unknown', gave the following error.
    Argument of type '"user"' is not assignable to parameter of type 'never'.
  Overload 2 of 2, '(key: never): never', gave the following error.
    Argument of type '"user"' is not assignable to parameter of type 'never'.
src/worker/checklist-routes.ts(989,90): error TS2339: Property 'id' does not exist on type '{}'.
src/worker/checklist-routes.ts(991,58): error TS2339: Property 'id' does not exist on type '{}'.
src/worker/checklist-routes.ts(991,74): error TS2339: Property 'email' does not exist on type '{}'.
src/worker/checklist-routes.ts(1004,48): error TS2339: Property 'id' does not exist on type '{}'.
src/worker/checklist-routes.ts(1034,22): error TS2769: No overload matches this call.
  Overload 1 of 2, '(key: never): unknown', gave the following error.
    Argument of type '"user"' is not assignable to parameter of type 'never'.
  Overload 2 of 2, '(key: never): never', gave the following error.
    Argument of type '"user"' is not assignable to parameter of type 'never'.
src/worker/checklist-routes.ts(1044,92): error TS2339: Property 'id' does not exist on type '{}'.
src/worker/checklist-routes.ts(1061,12): error TS2339: Property 'google_user_data' does not exist on type '{}'.
src/worker/checklist-routes.ts(1061,43): error TS2339: Property 'email' does not exist on type '{}'.
src/worker/checklist-routes.ts(1062,12): error TS2339: Property 'id' does not exist on type '{}'.
src/worker/checklist-routes.ts(1080,22): error TS2769: No overload matches this call.
  Overload 1 of 2, '(key: never): unknown', gave the following error.
    Argument of type '"user"' is not assignable to parameter of type 'never'.
  Overload 2 of 2, '(key: never): never', gave the following error.
    Argument of type '"user"' is not assignable to parameter of type 'never'.
src/worker/checklist-routes.ts(1246,22): error TS2769: No overload matches this call.
  Overload 1 of 2, '(key: never): unknown', gave the following error.
    Argument of type '"user"' is not assignable to parameter of type 'never'.
  Overload 2 of 2, '(key: never): never', gave the following error.
    Argument of type '"user"' is not assignable to parameter of type 'never'.
src/worker/checklist-routes.ts(1513,22): error TS2769: No overload matches this call.
  Overload 1 of 2, '(key: never): unknown', gave the following error.
    Argument of type '"user"' is not assignable to parameter of type 'never'.
  Overload 2 of 2, '(key: never): never', gave the following error.
    Argument of type '"user"' is not assignable to parameter of type 'never'.
src/worker/checklist-routes.ts(1828,22): error TS2769: No overload matches this call.
  Overload 1 of 2, '(key: never): unknown', gave the following error.
    Argument of type '"user"' is not assignable to parameter of type 'never'.
  Overload 2 of 2, '(key: never): never', gave the following error.
    Argument of type '"user"' is not assignable to parameter of type 'never'.
src/worker/checklist-routes.ts(1859,22): error TS2769: No overload matches this call.
  Overload 1 of 2, '(key: never): unknown', gave the following error.
    Argument of type '"user"' is not assignable to parameter of type 'never'.
  Overload 2 of 2, '(key: never): never', gave the following error.
    Argument of type '"user"' is not assignable to parameter of type 'never'.
src/worker/checklist-routes.ts(1903,22): error TS2769: No overload matches this call.
  Overload 1 of 2, '(key: never): unknown', gave the following error.
    Argument of type '"user"' is not assignable to parameter of type 'never'.
  Overload 2 of 2, '(key: never): never', gave the following error.
    Argument of type '"user"' is not assignable to parameter of type 'never'.
src/worker/checklist-routes.ts(1917,18): error TS2339: Property 'id' does not exist on type '{}'.
src/worker/checklist-routes.ts(1924,54): error TS2339: Property 'id' does not exist on type '{}'.
src/worker/checklist-routes.ts(1961,22): error TS2769: No overload matches this call.
  Overload 1 of 2, '(key: never): unknown', gave the following error.
    Argument of type '"user"' is not assignable to parameter of type 'never'.
  Overload 2 of 2, '(key: never): never', gave the following error.
    Argument of type '"user"' is not assignable to parameter of type 'never'.
src/worker/checklist-routes.ts(1997,18): error TS2339: Property 'id' does not exist on type '{}'.
src/worker/checklist-routes.ts(2004,54): error TS2339: Property 'id' does not exist on type '{}'.
src/worker/checklist-routes.ts(2058,22): error TS2769: No overload matches this call.
  Overload 1 of 2, '(key: never): unknown', gave the following error.
    Argument of type '"user"' is not assignable to parameter of type 'never'.
  Overload 2 of 2, '(key: never): never', gave the following error.
    Argument of type '"user"' is not assignable to parameter of type 'never'.
src/worker/checklist-routes.ts(2090,18): error TS2339: Property 'id' does not exist on type '{}'.
src/worker/checklist-routes.ts(2097,59): error TS2339: Property 'id' does not exist on type '{}'.
src/worker/checklist-routes.ts(2100,35): error TS2339: Property 'email' does not exist on type '{}'.
src/worker/checklist-routes.ts(2162,22): error TS2769: No overload matches this call.
  Overload 1 of 2, '(key: never): unknown', gave the following error.
    Argument of type '"user"' is not assignable to parameter of type 'never'.
  Overload 2 of 2, '(key: never): never', gave the following error.
    Argument of type '"user"' is not assignable to parameter of type 'never'.
src/worker/checklist-routes.ts(2179,18): error TS2339: Property 'id' does not exist on type '{}'.
src/worker/checklist-routes.ts(2186,61): error TS2339: Property 'id' does not exist on type '{}'.
src/worker/dashboard-routes.ts(11,22): error TS2769: No overload matches this call.
  Overload 1 of 2, '(key: never): unknown', gave the following error.
    Argument of type '"user"' is not assignable to parameter of type 'never'.
  Overload 2 of 2, '(key: never): never', gave the following error.
    Argument of type '"user"' is not assignable to parameter of type 'never'.
src/worker/dashboard-routes.ts(19,92): error TS2339: Property 'id' does not exist on type '{}'.
src/worker/dashboard-routes.ts(74,22): error TS2769: No overload matches this call.
  Overload 1 of 2, '(key: never): unknown', gave the following error.
    Argument of type '"user"' is not assignable to parameter of type 'never'.
  Overload 2 of 2, '(key: never): never', gave the following error.
    Argument of type '"user"' is not assignable to parameter of type 'never'.
src/worker/dashboard-routes.ts(82,92): error TS2339: Property 'id' does not exist on type '{}'.
src/worker/inspection-routes.ts(11,22): error TS2769: No overload matches this call.
  Overload 1 of 2, '(key: never): unknown', gave the following error.
    Argument of type '"user"' is not assignable to parameter of type 'never'.
  Overload 2 of 2, '(key: never): never', gave the following error.
    Argument of type '"user"' is not assignable to parameter of type 'never'.
src/worker/inspection-routes.ts(25,92): error TS2339: Property 'id' does not exist on type '{}'.
src/worker/inspection-routes.ts(54,24): error TS2339: Property 'id' does not exist on type '{}'.
src/worker/inspection-routes.ts(76,22): error TS2769: No overload matches this call.
  Overload 1 of 2, '(key: never): unknown', gave the following error.
    Argument of type '"user"' is not assignable to parameter of type 'never'.
  Overload 2 of 2, '(key: never): never', gave the following error.
    Argument of type '"user"' is not assignable to parameter of type 'never'.
src/worker/inspection-routes.ts(134,22): error TS2769: No overload matches this call.
  Overload 1 of 2, '(key: never): unknown', gave the following error.
    Argument of type '"user"' is not assignable to parameter of type 'never'.
  Overload 2 of 2, '(key: never): never', gave the following error.
    Argument of type '"user"' is not assignable to parameter of type 'never'.
src/worker/inspection-routes.ts(149,92): error TS2339: Property 'id' does not exist on type '{}'.
src/worker/inspection-routes.ts(161,30): error TS2339: Property 'id' does not exist on type '{}'.
src/worker/inspection-routes.ts(230,22): error TS2769: No overload matches this call.
  Overload 1 of 2, '(key: never): unknown', gave the following error.
    Argument of type '"user"' is not assignable to parameter of type 'never'.
  Overload 2 of 2, '(key: never): never', gave the following error.
    Argument of type '"user"' is not assignable to parameter of type 'never'.
src/worker/inspection-routes.ts(281,22): error TS2769: No overload matches this call.
  Overload 1 of 2, '(key: never): unknown', gave the following error.
    Argument of type '"user"' is not assignable to parameter of type 'never'.
  Overload 2 of 2, '(key: never): never', gave the following error.
    Argument of type '"user"' is not assignable to parameter of type 'never'.
src/worker/inspection-routes.ts(348,22): error TS2769: No overload matches this call.
  Overload 1 of 2, '(key: never): unknown', gave the following error.
    Argument of type '"user"' is not assignable to parameter of type 'never'.
  Overload 2 of 2, '(key: never): never', gave the following error.
    Argument of type '"user"' is not assignable to parameter of type 'never'.
src/worker/inspection-routes.ts(434,22): error TS2769: No overload matches this call.
  Overload 1 of 2, '(key: never): unknown', gave the following error.
    Argument of type '"user"' is not assignable to parameter of type 'never'.
  Overload 2 of 2, '(key: never): never', gave the following error.
    Argument of type '"user"' is not assignable to parameter of type 'never'.
src/worker/inspection-routes.ts(523,22): error TS2769: No overload matches this call.
  Overload 1 of 2, '(key: never): unknown', gave the following error.
    Argument of type '"user"' is not assignable to parameter of type 'never'.
  Overload 2 of 2, '(key: never): never', gave the following error.
    Argument of type '"user"' is not assignable to parameter of type 'never'.
src/worker/inspection-routes.ts(562,22): error TS2769: No overload matches this call.
  Overload 1 of 2, '(key: never): unknown', gave the following error.
    Argument of type '"user"' is not assignable to parameter of type 'never'.
  Overload 2 of 2, '(key: never): never', gave the following error.
    Argument of type '"user"' is not assignable to parameter of type 'never'.
src/worker/inspection-routes.ts(595,22): error TS2769: No overload matches this call.
  Overload 1 of 2, '(key: never): unknown', gave the following error.
    Argument of type '"user"' is not assignable to parameter of type 'never'.
  Overload 2 of 2, '(key: never): never', gave the following error.
    Argument of type '"user"' is not assignable to parameter of type 'never'.
src/worker/inspection-routes.ts(657,22): error TS2769: No overload matches this call.
  Overload 1 of 2, '(key: never): unknown', gave the following error.
    Argument of type '"user"' is not assignable to parameter of type 'never'.
  Overload 2 of 2, '(key: never): never', gave the following error.
    Argument of type '"user"' is not assignable to parameter of type 'never'.
src/worker/inspection-routes.ts(671,18): error TS2339: Property 'id' does not exist on type '{}'.
src/worker/inspection-routes.ts(678,54): error TS2339: Property 'id' does not exist on type '{}'.
src/worker/inspection-routes.ts(707,22): error TS2769: No overload matches this call.
  Overload 1 of 2, '(key: never): unknown', gave the following error.
    Argument of type '"user"' is not assignable to parameter of type 'never'.
  Overload 2 of 2, '(key: never): never', gave the following error.
    Argument of type '"user"' is not assignable to parameter of type 'never'.
src/worker/inspection-routes.ts(995,22): error TS2769: No overload matches this call.
  Overload 1 of 2, '(key: never): unknown', gave the following error.
    Argument of type '"user"' is not assignable to parameter of type 'never'.
  Overload 2 of 2, '(key: never): never', gave the following error.
    Argument of type '"user"' is not assignable to parameter of type 'never'.
src/worker/inspection-routes.ts(1035,22): error TS2769: No overload matches this call.
  Overload 1 of 2, '(key: never): unknown', gave the following error.
    Argument of type '"user"' is not assignable to parameter of type 'never'.
  Overload 2 of 2, '(key: never): never', gave the following error.
    Argument of type '"user"' is not assignable to parameter of type 'never'.
src/worker/inspection-routes.ts(1088,22): error TS2769: No overload matches this call.
  Overload 1 of 2, '(key: never): unknown', gave the following error.
    Argument of type '"user"' is not assignable to parameter of type 'never'.
  Overload 2 of 2, '(key: never): never', gave the following error.
    Argument of type '"user"' is not assignable to parameter of type 'never'.
src/worker/inspection-routes.ts(1417,22): error TS2769: No overload matches this call.
  Overload 1 of 2, '(key: never): unknown', gave the following error.
    Argument of type '"user"' is not assignable to parameter of type 'never'.
  Overload 2 of 2, '(key: never): never', gave the following error.
    Argument of type '"user"' is not assignable to parameter of type 'never'.
src/worker/media-routes.ts(17,22): error TS2769: No overload matches this call.
  Overload 1 of 2, '(key: never): unknown', gave the following error.
    Argument of type '"user"' is not assignable to parameter of type 'never'.
  Overload 2 of 2, '(key: never): never', gave the following error.
    Argument of type '"user"' is not assignable to parameter of type 'never'.
src/worker/media-routes.ts(51,18): error TS2339: Property 'id' does not exist on type '{}'.
src/worker/media-routes.ts(58,54): error TS2339: Property 'id' does not exist on type '{}'.
src/worker/media-routes.ts(113,22): error TS2769: No overload matches this call.
  Overload 1 of 2, '(key: never): unknown', gave the following error.
    Argument of type '"user"' is not assignable to parameter of type 'never'.
  Overload 2 of 2, '(key: never): never', gave the following error.
    Argument of type '"user"' is not assignable to parameter of type 'never'.
src/worker/media-routes.ts(127,18): error TS2339: Property 'id' does not exist on type '{}'.
src/worker/media-routes.ts(153,22): error TS2769: No overload matches this call.
  Overload 1 of 2, '(key: never): unknown', gave the following error.
    Argument of type '"user"' is not assignable to parameter of type 'never'.
  Overload 2 of 2, '(key: never): never', gave the following error.
    Argument of type '"user"' is not assignable to parameter of type 'never'.
src/worker/media-routes.ts(168,18): error TS2339: Property 'id' does not exist on type '{}'.
src/worker/media-routes.ts(175,49): error TS2339: Property 'id' does not exist on type '{}'.
src/worker/multi-tenant-routes.ts(36,22): error TS2769: No overload matches this call.
  Overload 1 of 2, '(key: never): unknown', gave the following error.
    Argument of type '"user"' is not assignable to parameter of type 'never'.
  Overload 2 of 2, '(key: never): never', gave the following error.
    Argument of type '"user"' is not assignable to parameter of type 'never'.
src/worker/multi-tenant-routes.ts(41,90): error TS2339: Property 'id' does not exist on type '{}'.
src/worker/multi-tenant-routes.ts(161,14): error TS2339: Property 'id' does not exist on type '{}'.
src/worker/multi-tenant-routes.ts(184,22): error TS2769: No overload matches this call.
  Overload 1 of 2, '(key: never): unknown', gave the following error.
    Argument of type '"user"' is not assignable to parameter of type 'never'.
  Overload 2 of 2, '(key: never): never', gave the following error.
    Argument of type '"user"' is not assignable to parameter of type 'never'.
src/worker/multi-tenant-routes.ts(190,92): error TS2339: Property 'id' does not exist on type '{}'.
src/worker/multi-tenant-routes.ts(252,12): error TS2339: Property 'id' does not exist on type '{}'.
src/worker/multi-tenant-routes.ts(263,14): error TS2339: Property 'id' does not exist on type '{}'.
src/worker/multi-tenant-routes.ts(295,22): error TS2769: No overload matches this call.
  Overload 1 of 2, '(key: never): unknown', gave the following error.
    Argument of type '"user"' is not assignable to parameter of type 'never'.
  Overload 2 of 2, '(key: never): never', gave the following error.
    Argument of type '"user"' is not assignable to parameter of type 'never'.
src/worker/multi-tenant-routes.ts(300,90): error TS2339: Property 'id' does not exist on type '{}'.
src/worker/multi-tenant-routes.ts(345,22): error TS2769: No overload matches this call.
  Overload 1 of 2, '(key: never): unknown', gave the following error.
    Argument of type '"user"' is not assignable to parameter of type 'never'.
  Overload 2 of 2, '(key: never): never', gave the following error.
    Argument of type '"user"' is not assignable to parameter of type 'never'.
src/worker/multi-tenant-routes.ts(350,90): error TS2339: Property 'id' does not exist on type '{}'.
src/worker/multi-tenant-routes.ts(406,23): error TS2339: Property 'id' does not exist on type '{}'.
src/worker/multi-tenant-routes.ts(421,22): error TS2769: No overload matches this call.
  Overload 1 of 2, '(key: never): unknown', gave the following error.
    Argument of type '"user"' is not assignable to parameter of type 'never'.
  Overload 2 of 2, '(key: never): never', gave the following error.
    Argument of type '"user"' is not assignable to parameter of type 'never'.
src/worker/multi-tenant-routes.ts(426,90): error TS2339: Property 'id' does not exist on type '{}'.
src/worker/multi-tenant-routes.ts(486,22): error TS2769: No overload matches this call.
  Overload 1 of 2, '(key: never): unknown', gave the following error.
    Argument of type '"user"' is not assignable to parameter of type 'never'.
  Overload 2 of 2, '(key: never): never', gave the following error.
    Argument of type '"user"' is not assignable to parameter of type 'never'.
src/worker/multi-tenant-routes.ts(491,90): error TS2339: Property 'id' does not exist on type '{}'.
src/worker/multi-tenant-routes.ts(553,16): error TS2339: Property 'id' does not exist on type '{}'.
src/worker/multi-tenant-routes.ts(574,22): error TS2769: No overload matches this call.
  Overload 1 of 2, '(key: never): unknown', gave the following error.
    Argument of type '"user"' is not assignable to parameter of type 'never'.
  Overload 2 of 2, '(key: never): never', gave the following error.
    Argument of type '"user"' is not assignable to parameter of type 'never'.
src/worker/multi-tenant-routes.ts(583,92): error TS2339: Property 'id' does not exist on type '{}'.
src/worker/multi-tenant-routes.ts(633,14): error TS2339: Property 'id' does not exist on type '{}'.
src/worker/multi-tenant-routes.ts(652,22): error TS2769: No overload matches this call.
  Overload 1 of 2, '(key: never): unknown', gave the following error.
    Argument of type '"user"' is not assignable to parameter of type 'never'.
  Overload 2 of 2, '(key: never): never', gave the following error.
    Argument of type '"user"' is not assignable to parameter of type 'never'.
src/worker/multi-tenant-routes.ts(661,90): error TS2339: Property 'id' does not exist on type '{}'.
src/worker/multi-tenant-routes.ts(712,22): error TS2769: No overload matches this call.
  Overload 1 of 2, '(key: never): unknown', gave the following error.
    Argument of type '"user"' is not assignable to parameter of type 'never'.
  Overload 2 of 2, '(key: never): never', gave the following error.
    Argument of type '"user"' is not assignable to parameter of type 'never'.
src/worker/multi-tenant-routes.ts(717,90): error TS2339: Property 'id' does not exist on type '{}'.
src/worker/multi-tenant-routes.ts(773,23): error TS2339: Property 'id' does not exist on type '{}'.
src/worker/organizations-routes.ts(20,24): error TS2769: No overload matches this call.
  Overload 1 of 2, '(key: never): unknown', gave the following error.
    Argument of type '"user"' is not assignable to parameter of type 'never'.
  Overload 2 of 2, '(key: never): never', gave the following error.
    Argument of type '"user"' is not assignable to parameter of type 'never'.
src/worker/organizations-routes.ts(90,24): error TS2769: No overload matches this call.
  Overload 1 of 2, '(key: never): unknown', gave the following error.
    Argument of type '"user"' is not assignable to parameter of type 'never'.
  Overload 2 of 2, '(key: never): never', gave the following error.
    Argument of type '"user"' is not assignable to parameter of type 'never'.
src/worker/organizations-routes.ts(163,24): error TS2769: No overload matches this call.
  Overload 1 of 2, '(key: never): unknown', gave the following error.
    Argument of type '"user"' is not assignable to parameter of type 'never'.
  Overload 2 of 2, '(key: never): never', gave the following error.
    Argument of type '"user"' is not assignable to parameter of type 'never'.
src/worker/organizations-routes.ts(223,24): error TS2769: No overload matches this call.
  Overload 1 of 2, '(key: never): unknown', gave the following error.
    Argument of type '"user"' is not assignable to parameter of type 'never'.
  Overload 2 of 2, '(key: never): never', gave the following error.
    Argument of type '"user"' is not assignable to parameter of type 'never'.
src/worker/organizations-routes.ts(349,24): error TS2769: No overload matches this call.
  Overload 1 of 2, '(key: never): unknown', gave the following error.
    Argument of type '"user"' is not assignable to parameter of type 'never'.
  Overload 2 of 2, '(key: never): never', gave the following error.
    Argument of type '"user"' is not assignable to parameter of type 'never'.
src/worker/organizations-routes.ts(441,24): error TS2769: No overload matches this call.
  Overload 1 of 2, '(key: never): unknown', gave the following error.
    Argument of type '"user"' is not assignable to parameter of type 'never'.
  Overload 2 of 2, '(key: never): never', gave the following error.
    Argument of type '"user"' is not assignable to parameter of type 'never'.
src/worker/role-permissions-routes.ts(53,22): error TS2769: No overload matches this call.
  Overload 1 of 2, '(key: never): unknown', gave the following error.
    Argument of type '"user"' is not assignable to parameter of type 'never'.
  Overload 2 of 2, '(key: never): never', gave the following error.
    Argument of type '"user"' is not assignable to parameter of type 'never'.
src/worker/role-permissions-routes.ts(106,12): error TS2339: Property 'id' does not exist on type '{}'.
src/worker/role-permissions-routes.ts(128,22): error TS2769: No overload matches this call.
  Overload 1 of 2, '(key: never): unknown', gave the following error.
    Argument of type '"user"' is not assignable to parameter of type 'never'.
  Overload 2 of 2, '(key: never): never', gave the following error.
    Argument of type '"user"' is not assignable to parameter of type 'never'.
src/worker/role-permissions-routes.ts(155,22): error TS2769: No overload matches this call.
  Overload 1 of 2, '(key: never): unknown', gave the following error.
    Argument of type '"user"' is not assignable to parameter of type 'never'.
  Overload 2 of 2, '(key: never): never', gave the following error.
    Argument of type '"user"' is not assignable to parameter of type 'never'.
src/worker/role-permissions-routes.ts(163,95): error TS2339: Property 'id' does not exist on type '{}'.
src/worker/security-endpoints.ts(18,22): error TS2769: No overload matches this call.
  Overload 1 of 2, '(key: never): unknown', gave the following error.
    Argument of type '"user"' is not assignable to parameter of type 'never'.
  Overload 2 of 2, '(key: never): never', gave the following error.
    Argument of type '"user"' is not assignable to parameter of type 'never'.
src/worker/security-endpoints.ts(68,22): error TS2769: No overload matches this call.
  Overload 1 of 2, '(key: never): unknown', gave the following error.
    Argument of type '"user"' is not assignable to parameter of type 'never'.
  Overload 2 of 2, '(key: never): never', gave the following error.
    Argument of type '"user"' is not assignable to parameter of type 'never'.
src/worker/security-endpoints.ts(75,60): error TS2339: Property 'id' does not exist on type '{}'.
src/worker/security-endpoints.ts(89,12): error TS2339: Property 'id' does not exist on type '{}'.
src/worker/security-endpoints.ts(99,12): error TS2339: Property 'id' does not exist on type '{}'.
src/worker/security-endpoints.ts(124,22): error TS2769: No overload matches this call.
  Overload 1 of 2, '(key: never): unknown', gave the following error.
    Argument of type '"user"' is not assignable to parameter of type 'never'.
  Overload 2 of 2, '(key: never): never', gave the following error.
    Argument of type '"user"' is not assignable to parameter of type 'never'.
src/worker/security-endpoints.ts(177,22): error TS2769: No overload matches this call.
  Overload 1 of 2, '(key: never): unknown', gave the following error.
    Argument of type '"user"' is not assignable to parameter of type 'never'.
  Overload 2 of 2, '(key: never): never', gave the following error.
    Argument of type '"user"' is not assignable to parameter of type 'never'.
src/worker/security-endpoints.ts(251,22): error TS2769: No overload matches this call.
  Overload 1 of 2, '(key: never): unknown', gave the following error.
    Argument of type '"user"' is not assignable to parameter of type 'never'.
  Overload 2 of 2, '(key: never): never', gave the following error.
    Argument of type '"user"' is not assignable to parameter of type 'never'.
src/worker/security-endpoints.ts(258,90): error TS2339: Property 'id' does not exist on type '{}'.
src/worker/security-endpoints.ts(262,10): error TS2339: Property 'email' does not exist on type '{}'.
src/worker/share-routes.ts(44,22): error TS2769: No overload matches this call.
  Overload 1 of 2, '(key: never): unknown', gave the following error.
    Argument of type '"user"' is not assignable to parameter of type 'never'.
  Overload 2 of 2, '(key: never): never', gave the following error.
    Argument of type '"user"' is not assignable to parameter of type 'never'.
src/worker/share-routes.ts(66,12): error TS2339: Property 'id' does not exist on type '{}'.
src/worker/share-routes.ts(116,24): error TS2769: No overload matches this call.
  Overload 1 of 2, '(key: never): unknown', gave the following error.
    Argument of type '"user"' is not assignable to parameter of type 'never'.
  Overload 2 of 2, '(key: never): never', gave the following error.
    Argument of type '"user"' is not assignable to parameter of type 'never'.
src/worker/share-routes.ts(129,12): error TS2339: Property 'id' does not exist on type '{}'.
src/worker/share-routes.ts(375,22): error TS2769: No overload matches this call.
  Overload 1 of 2, '(key: never): unknown', gave the following error.
    Argument of type '"user"' is not assignable to parameter of type 'never'.
  Overload 2 of 2, '(key: never): never', gave the following error.
    Argument of type '"user"' is not assignable to parameter of type 'never'.
src/worker/share-routes.ts(420,22): error TS2769: No overload matches this call.
  Overload 1 of 2, '(key: never): unknown', gave the following error.
    Argument of type '"user"' is not assignable to parameter of type 'never'.
  Overload 2 of 2, '(key: never): never', gave the following error.
    Argument of type '"user"' is not assignable to parameter of type 'never'.
src/worker/share-routes.ts(439,41): error TS2339: Property 'id' does not exist on type '{}'.
src/worker/share-routes.ts(439,85): error TS2339: Property 'id' does not exist on type '{}'.
src/worker/system-admin-routes.ts(12,22): error TS2769: No overload matches this call.
  Overload 1 of 2, '(key: never): unknown', gave the following error.
    Argument of type '"user"' is not assignable to parameter of type 'never'.
  Overload 2 of 2, '(key: never): never', gave the following error.
    Argument of type '"user"' is not assignable to parameter of type 'never'.
src/worker/system-admin-routes.ts(37,12): error TS2339: Property 'id' does not exist on type '{}'.
src/worker/system-admin-routes.ts(59,22): error TS2769: No overload matches this call.
  Overload 1 of 2, '(key: never): unknown', gave the following error.
    Argument of type '"user"' is not assignable to parameter of type 'never'.
  Overload 2 of 2, '(key: never): never', gave the following error.
    Argument of type '"user"' is not assignable to parameter of type 'never'.
src/worker/system-admin-routes.ts(91,22): error TS2769: No overload matches this call.
  Overload 1 of 2, '(key: never): unknown', gave the following error.
    Argument of type '"user"' is not assignable to parameter of type 'never'.
  Overload 2 of 2, '(key: never): never', gave the following error.
    Argument of type '"user"' is not assignable to parameter of type 'never'.
src/worker/system-admin-routes.ts(160,22): error TS2769: No overload matches this call.
  Overload 1 of 2, '(key: never): unknown', gave the following error.
    Argument of type '"user"' is not assignable to parameter of type 'never'.
  Overload 2 of 2, '(key: never): never', gave the following error.
    Argument of type '"user"' is not assignable to parameter of type 'never'.
src/worker/system-admin-routes.ts(193,14): error TS2339: Property 'id' does not exist on type '{}'.
src/worker/system-admin-routes.ts(224,14): error TS2339: Property 'id' does not exist on type '{}'.
src/worker/system-admin-routes.ts(247,22): error TS2769: No overload matches this call.
  Overload 1 of 2, '(key: never): unknown', gave the following error.
    Argument of type '"user"' is not assignable to parameter of type 'never'.
  Overload 2 of 2, '(key: never): never', gave the following error.
    Argument of type '"user"' is not assignable to parameter of type 'never'.
src/worker/system-admin-routes.ts(254,90): error TS2339: Property 'id' does not exist on type '{}'.
src/worker/system-admin-routes.ts(256,29): error TS2339: Property 'email' does not exist on type '{}'.
src/worker/users-routes.ts(11,22): error TS2769: No overload matches this call.
  Overload 1 of 2, '(key: never): unknown', gave the following error.
    Argument of type '"user"' is not assignable to parameter of type 'never'.
  Overload 2 of 2, '(key: never): never', gave the following error.
    Argument of type '"user"' is not assignable to parameter of type 'never'.
src/worker/users-routes.ts(103,22): error TS2769: No overload matches this call.
  Overload 1 of 2, '(key: never): unknown', gave the following error.
    Argument of type '"user"' is not assignable to parameter of type 'never'.
  Overload 2 of 2, '(key: never): never', gave the following error.
    Argument of type '"user"' is not assignable to parameter of type 'never'.
src/worker/users-routes.ts(106,21): error TS2339: Property 'id' does not exist on type '{}'.
src/worker/users-routes.ts(131,22): error TS2769: No overload matches this call.
  Overload 1 of 2, '(key: never): unknown', gave the following error.
    Argument of type '"user"' is not assignable to parameter of type 'never'.
  Overload 2 of 2, '(key: never): never', gave the following error.
    Argument of type '"user"' is not assignable to parameter of type 'never'.
src/worker/users-routes.ts(150,55): error TS2339: Property 'id' does not exist on type '{}'.
src/worker/users-routes.ts(157,12): error TS2339: Property 'id' does not exist on type '{}'.
src/worker/users-routes.ts(161,12): error TS2339: Property 'id' does not exist on type '{}'.
src/worker/users-routes.ts(175,22): error TS2769: No overload matches this call.
  Overload 1 of 2, '(key: never): unknown', gave the following error.
    Argument of type '"user"' is not assignable to parameter of type 'never'.
  Overload 2 of 2, '(key: never): never', gave the following error.
    Argument of type '"user"' is not assignable to parameter of type 'never'.
src/worker/users-routes.ts(181,64): error TS2339: Property 'email' does not exist on type '{}'.
src/worker/users-routes.ts(181,83): error TS2339: Property 'id' does not exist on type '{}'.
src/worker/users-routes.ts(184,90): error TS2339: Property 'id' does not exist on type '{}'.
src/worker/users-routes.ts(264,22): error TS2769: No overload matches this call.
  Overload 1 of 2, '(key: never): unknown', gave the following error.
    Argument of type '"user"' is not assignable to parameter of type 'never'.
  Overload 2 of 2, '(key: never): never', gave the following error.
    Argument of type '"user"' is not assignable to parameter of type 'never'.
src/worker/users-routes.ts(271,90): error TS2339: Property 'id' does not exist on type '{}'.
src/worker/users-routes.ts(343,22): error TS2769: No overload matches this call.
  Overload 1 of 2, '(key: never): unknown', gave the following error.
    Argument of type '"user"' is not assignable to parameter of type 'never'.
  Overload 2 of 2, '(key: never): never', gave the following error.
    Argument of type '"user"' is not assignable to parameter of type 'never'.
src/worker/users-routes.ts(351,90): error TS2339: Property 'id' does not exist on type '{}'.
src/worker/users-routes.ts(436,14): error TS2339: Property 'id' does not exist on type '{}'.
src/worker/users-routes.ts(456,22): error TS2769: No overload matches this call.
  Overload 1 of 2, '(key: never): unknown', gave the following error.
    Argument of type '"user"' is not assignable to parameter of type 'never'.
  Overload 2 of 2, '(key: never): never', gave the following error.
    Argument of type '"user"' is not assignable to parameter of type 'never'.
src/worker/users-routes.ts(462,90): error TS2339: Property 'id' does not exist on type '{}'.
src/worker/users-routes.ts(505,22): error TS2769: No overload matches this call.
  Overload 1 of 2, '(key: never): unknown', gave the following error.
    Argument of type '"user"' is not assignable to parameter of type 'never'.
  Overload 2 of 2, '(key: never): never', gave the following error.
    Argument of type '"user"' is not assignable to parameter of type 'never'.
src/worker/users-routes.ts(512,90): error TS2339: Property 'id' does not exist on type '{}'.
src/worker/users-routes.ts(536,22): error TS2769: No overload matches this call.
  Overload 1 of 2, '(key: never): unknown', gave the following error.
    Argument of type '"user"' is not assignable to parameter of type 'never'.
  Overload 2 of 2, '(key: never): never', gave the following error.
    Argument of type '"user"' is not assignable to parameter of type 'never'.
src/worker/users-routes.ts(543,90): error TS2339: Property 'id' does not exist on type '{}'.
src/worker/users-routes.ts(582,12): error TS2339: Property 'id' does not exist on type '{}'.
src/worker/users-routes.ts(601,22): error TS2769: No overload matches this call.
  Overload 1 of 2, '(key: never): unknown', gave the following error.
    Argument of type '"user"' is not assignable to parameter of type 'never'.
  Overload 2 of 2, '(key: never): never', gave the following error.
    Argument of type '"user"' is not assignable to parameter of type 'never'.
src/worker/users-routes.ts(609,90): error TS2339: Property 'id' does not exist on type '{}'.
src/worker/users-routes.ts(616,12): error TS2339: Property 'id' does not exist on type '{}'.
src/worker/users-routes.ts(644,12): error TS2339: Property 'id' does not exist on type '{}'.
